// Jest Snapshot v1, https://goo.gl/fbAQLP

exports[`Handles slow solution matches snapshot for brokenWithoutCause 1`] = `undefined`;

exports[`Handles slow solution matches snapshot for brokenWithoutCause 2`] = `
Object {
  "3,10": Object {
    "direction": "horizontal",
    "key": "3,10",
    "lineDelta": Object {
      "x": 1,
      "y": 0,
    },
    "solutionOrderNumber": 1,
    "value": 1,
  },
  "4,9": Object {
    "direction": "vertical",
    "key": "4,9",
    "lineDelta": Object {
      "x": 0,
      "y": 1,
    },
    "solutionOrderNumber": 2,
    "value": 1,
  },
  "5,9": Object {
    "direction": "vertical",
    "key": "5,9",
    "lineDelta": Object {
      "x": 0,
      "y": 1,
    },
    "solutionOrderNumber": 3,
    "value": 1,
  },
  "6,5": Object {
    "direction": "vertical",
    "key": "6,5",
    "lineDelta": Object {
      "x": 0,
      "y": 1,
    },
    "solutionOrderNumber": 4,
    "value": 2,
  },
  "6,9": Object {
    "direction": "horizontal",
    "key": "6,9",
    "lineDelta": Object {
      "x": 1,
      "y": 0,
    },
    "solutionOrderNumber": 10,
    "value": 1,
  },
  "7,10": Object {
    "direction": "vertical",
    "key": "7,10",
    "lineDelta": Object {
      "x": 0,
      "y": -1,
    },
    "solutionOrderNumber": 9,
    "value": 1,
  },
  "7,5": Object {
    "direction": "vertical",
    "key": "7,5",
    "lineDelta": Object {
      "x": 0,
      "y": 1,
    },
    "solutionOrderNumber": 6,
    "value": 1,
  },
  "7,7": Object {
    "direction": "horizontal",
    "key": "7,7",
    "lineDelta": Object {
      "x": -1,
      "y": 0,
    },
    "solutionOrderNumber": 7,
    "value": 1,
  },
  "8,11": Object {
    "direction": "vertical",
    "key": "8,11",
    "lineDelta": Object {
      "x": 0,
      "y": -1,
    },
    "solutionOrderNumber": 11,
    "value": 1,
  },
  "8,6": Object {
    "direction": "horizontal",
    "key": "8,6",
    "lineDelta": Object {
      "x": -1,
      "y": 0,
    },
    "solutionOrderNumber": 5,
    "value": 1,
  },
  "8,8": Object {
    "direction": "horizontal",
    "key": "8,8",
    "lineDelta": Object {
      "x": -1,
      "y": 0,
    },
    "solutionOrderNumber": 8,
    "value": 1,
  },
}
`;
