// Jest Snapshot v1, https://goo.gl/fbAQLP

exports[`Handles slow solution matches snapshot for cannotReach 1`] = `undefined`;

exports[`Handles slow solution matches snapshot for cannotReach 2`] = `
Object {
  "0,5": Object {
    "blocksHandledByLine": Array [
      "1,5",
    ],
    "blocksHandledByOthers": Array [],
    "direction": "horizontal",
    "key": "0,5",
    "lineDelta": Object {
      "x": 1,
      "y": 0,
    },
    "solutionOrderNumber": 4,
    "value": 1,
  },
  "1,2": Object {
    "blocksHandledByLine": Array [
      "1,6",
      "1,7",
      "1,9",
      "1,11",
    ],
    "blocksHandledByOthers": Array [
      "1,10",
      "1,8",
      "1,5",
      "1,4",
      "1,3",
    ],
    "direction": "vertical",
    "key": "1,2",
    "lineDelta": Object {
      "x": 0,
      "y": 1,
    },
    "solutionOrderNumber": 1,
    "value": 4,
  },
  "10,7": Object {
    "blocksHandledByLine": Array [
      "8,7",
      "6,7",
    ],
    "blocksHandledByOthers": Array [
      "9,7",
      "7,7",
    ],
    "direction": "horizontal",
    "key": "10,7",
    "lineDelta": Object {
      "x": -1,
      "y": 0,
    },
    "solutionOrderNumber": 10,
    "value": 2,
  },
  "10,8": Object {
    "blocksHandledByLine": Array [
      "2,8",
      "3,8",
      "5,8",
      "7,8",
      "1,8",
    ],
    "blocksHandledByOthers": Array [
      "9,8",
      "8,8",
      "6,8",
      "4,8",
    ],
    "direction": "horizontal",
    "key": "10,8",
    "lineDelta": Object {
      "x": -1,
      "y": 0,
    },
    "solutionOrderNumber": 5,
    "value": 5,
  },
  "2,3": Object {
    "blocksHandledByLine": Array [
      "1,3",
    ],
    "blocksHandledByOthers": Array [],
    "direction": "horizontal",
    "key": "2,3",
    "lineDelta": Object {
      "x": -1,
      "y": 0,
    },
    "solutionOrderNumber": 2,
    "value": 1,
  },
  "2,4": Object {
    "blocksHandledByLine": Array [
      "1,4",
    ],
    "blocksHandledByOthers": Array [],
    "direction": "horizontal",
    "key": "2,4",
    "lineDelta": Object {
      "x": -1,
      "y": 0,
    },
    "solutionOrderNumber": 3,
    "value": 1,
  },
  "3,10": Object {
    "blocksHandledByLine": Array [
      "2,10",
      "1,10",
    ],
    "blocksHandledByOthers": Array [],
    "direction": "horizontal",
    "key": "3,10",
    "lineDelta": Object {
      "x": -1,
      "y": 0,
    },
    "solutionOrderNumber": 18,
    "value": 2,
  },
  "4,9": Object {
    "blocksHandledByLine": Array [
      "4,8",
    ],
    "blocksHandledByOthers": Array [],
    "direction": "vertical",
    "key": "4,9",
    "lineDelta": Object {
      "x": 0,
      "y": -1,
    },
    "solutionOrderNumber": 6,
    "value": 1,
  },
  "5,10": Object {
    "blocksHandledByLine": Array [
      "8,10",
    ],
    "blocksHandledByOthers": Array [
      "7,10",
      "6,10",
    ],
    "direction": "horizontal",
    "key": "5,10",
    "lineDelta": Object {
      "x": 1,
      "y": 0,
    },
    "solutionOrderNumber": 15,
    "value": 1,
  },
  "6,11": Object {
    "blocksHandledByLine": Array [
      "6,10",
    ],
    "blocksHandledByOthers": Array [],
    "direction": "vertical",
    "key": "6,11",
    "lineDelta": Object {
      "x": 0,
      "y": -1,
    },
    "solutionOrderNumber": 16,
    "value": 1,
  },
  "6,3": Object {
    "blocksHandledByLine": Array [
      "6,8",
    ],
    "blocksHandledByOthers": Array [
      "6,7",
      "6,6",
      "6,5",
      "6,4",
    ],
    "direction": "vertical",
    "key": "6,3",
    "lineDelta": Object {
      "x": 0,
      "y": 1,
    },
    "solutionOrderNumber": 7,
    "value": 1,
  },
  "6,6": Object {
    "blocksHandledByLine": Array [
      "7,6",
    ],
    "blocksHandledByOthers": Array [],
    "direction": "horizontal",
    "key": "6,6",
    "lineDelta": Object {
      "x": 1,
      "y": 0,
    },
    "solutionOrderNumber": 12,
    "value": 1,
  },
  "7,11": Object {
    "blocksHandledByLine": Array [
      "7,10",
    ],
    "blocksHandledByOthers": Array [],
    "direction": "vertical",
    "key": "7,11",
    "lineDelta": Object {
      "x": 0,
      "y": -1,
    },
    "solutionOrderNumber": 17,
    "value": 1,
  },
  "7,4": Object {
    "blocksHandledByLine": Array [
      "6,4",
    ],
    "blocksHandledByOthers": Array [],
    "direction": "horizontal",
    "key": "7,4",
    "lineDelta": Object {
      "x": -1,
      "y": 0,
    },
    "solutionOrderNumber": 8,
    "value": 1,
  },
  "7,5": Object {
    "blocksHandledByLine": Array [
      "7,7",
    ],
    "blocksHandledByOthers": Array [
      "7,6",
    ],
    "direction": "vertical",
    "key": "7,5",
    "lineDelta": Object {
      "x": 0,
      "y": 1,
    },
    "solutionOrderNumber": 11,
    "value": 1,
  },
  "8,11": Object {
    "blocksHandledByLine": Array [
      "8,9",
      "8,8",
    ],
    "blocksHandledByOthers": Array [
      "8,10",
    ],
    "direction": "vertical",
    "key": "8,11",
    "lineDelta": Object {
      "x": 0,
      "y": -1,
    },
    "solutionOrderNumber": 14,
    "value": 2,
  },
  "8,5": Object {
    "blocksHandledByLine": Array [
      "6,5",
    ],
    "blocksHandledByOthers": Array [
      "7,5",
    ],
    "direction": "horizontal",
    "key": "8,5",
    "lineDelta": Object {
      "x": -1,
      "y": 0,
    },
    "solutionOrderNumber": 9,
    "value": 1,
  },
  "9,8": Object {
    "blocksHandledByLine": Array [
      "9,7",
    ],
    "blocksHandledByOthers": Array [],
    "direction": "vertical",
    "key": "9,8",
    "lineDelta": Object {
      "x": 0,
      "y": -1,
    },
    "solutionOrderNumber": 13,
    "value": 1,
  },
}
`;
