// Jest Snapshot v1, https://goo.gl/fbAQLP

exports[`Handles slow solution matches snapshot for incompletePartialSolution 1`] = `undefined`;

exports[`Handles slow solution matches snapshot for incompletePartialSolution 2`] = `
Object {
  "1,2": Object {
    "direction": "vertical",
    "key": "1,2",
    "lineDelta": Object {
      "x": 0,
      "y": 1,
    },
    "solutionOrderNumber": 1,
    "value": 2,
  },
  "2,3": Object {
    "direction": "horizontal",
    "key": "2,3",
    "lineDelta": Object {
      "x": -1,
      "y": 0,
    },
    "solutionOrderNumber": 2,
    "value": 1,
  },
}
`;
