// Jest Snapshot v1, https://goo.gl/fbAQLP

exports[`Handles slow solution matches snapshot for simpSimpSimple 1`] = `undefined`;

exports[`Handles slow solution matches snapshot for simpSimpSimple 2`] = `
Object {
  "0,1": Object {
    "blocksHandledByLine": Array [
      "3,1",
    ],
    "blocksHandledByOthers": Array [
      "2,1",
      "1,1",
    ],
    "direction": "horizontal",
    "key": "0,1",
    "lineDelta": Object {
      "x": 1,
      "y": 0,
    },
    "solutionOrderNumber": 3,
    "value": 1,
  },
  "0,2": Object {
    "blocksHandledByLine": Array [
      "1,2",
      "2,2",
      "6,2",
    ],
    "blocksHandledByOthers": Array [
      "5,2",
      "4,2",
      "3,2",
    ],
    "direction": "horizontal",
    "key": "0,2",
    "lineDelta": Object {
      "x": 1,
      "y": 0,
    },
    "solutionOrderNumber": 1,
    "value": 3,
  },
  "1,0": Object {
    "blocksHandledByLine": Array [
      "1,1",
    ],
    "blocksHandledByOthers": Array [],
    "direction": "vertical",
    "key": "1,0",
    "lineDelta": Object {
      "x": 0,
      "y": 1,
    },
    "solutionOrderNumber": 4,
    "value": 1,
  },
  "1,5": Object {
    "blocksHandledByLine": Array [
      "2,5",
      "5,5",
    ],
    "blocksHandledByOthers": Array [
      "4,5",
      "3,5",
    ],
    "direction": "horizontal",
    "key": "1,5",
    "lineDelta": Object {
      "x": 1,
      "y": 0,
    },
    "solutionOrderNumber": 10,
    "value": 2,
  },
  "2,0": Object {
    "blocksHandledByLine": Array [
      "2,1",
    ],
    "blocksHandledByOthers": Array [],
    "direction": "vertical",
    "key": "2,0",
    "lineDelta": Object {
      "x": 0,
      "y": 1,
    },
    "solutionOrderNumber": 5,
    "value": 1,
  },
  "3,0": Object {
    "blocksHandledByLine": Array [
      "3,2",
    ],
    "blocksHandledByOthers": Array [
      "3,1",
    ],
    "direction": "vertical",
    "key": "3,0",
    "lineDelta": Object {
      "x": 0,
      "y": 1,
    },
    "solutionOrderNumber": 2,
    "value": 1,
  },
  "3,3": Object {
    "blocksHandledByLine": Array [
      "5,3",
    ],
    "blocksHandledByOthers": Array [],
    "direction": "horizontal",
    "key": "3,3",
    "lineDelta": Object {
      "x": 1,
      "y": 0,
    },
    "solutionOrderNumber": 8,
    "value": 1,
  },
  "3,4": Object {
    "blocksHandledByLine": Array [
      "3,5",
    ],
    "blocksHandledByOthers": Array [],
    "direction": "vertical",
    "key": "3,4",
    "lineDelta": Object {
      "x": 0,
      "y": 1,
    },
    "solutionOrderNumber": 11,
    "value": 1,
  },
  "3,6": Object {
    "blocksHandledByLine": Array [
      "4,6",
    ],
    "blocksHandledByOthers": Array [],
    "direction": "horizontal",
    "key": "3,6",
    "lineDelta": Object {
      "x": 1,
      "y": 0,
    },
    "solutionOrderNumber": 13,
    "value": 1,
  },
  "4,3": Object {
    "blocksHandledByLine": Array [
      "4,2",
    ],
    "blocksHandledByOthers": Array [],
    "direction": "vertical",
    "key": "4,3",
    "lineDelta": Object {
      "x": 0,
      "y": -1,
    },
    "solutionOrderNumber": 6,
    "value": 1,
  },
  "4,8": Object {
    "blocksHandledByLine": Array [
      "4,7",
      "4,5",
    ],
    "blocksHandledByOthers": Array [
      "4,6",
    ],
    "direction": "vertical",
    "key": "4,8",
    "lineDelta": Object {
      "x": 0,
      "y": -1,
    },
    "solutionOrderNumber": 12,
    "value": 2,
  },
  "5,6": Object {
    "blocksHandledByLine": Array [
      "5,2",
    ],
    "blocksHandledByOthers": Array [
      "5,5",
      "5,4",
      "5,3",
    ],
    "direction": "vertical",
    "key": "5,6",
    "lineDelta": Object {
      "x": 0,
      "y": -1,
    },
    "solutionOrderNumber": 7,
    "value": 1,
  },
  "6,4": Object {
    "blocksHandledByLine": Array [
      "5,4",
    ],
    "blocksHandledByOthers": Array [],
    "direction": "horizontal",
    "key": "6,4",
    "lineDelta": Object {
      "x": -1,
      "y": 0,
    },
    "solutionOrderNumber": 9,
    "value": 1,
  },
}
`;
