// Jest Snapshot v1, https://goo.gl/fbAQLP

exports[`Handles slow solution matches snapshot for somethingExplodesSilently 1`] = `undefined`;

exports[`Handles slow solution matches snapshot for somethingExplodesSilently 2`] = `
Object {
  "10,3": Object {
    "direction": "vertical",
    "key": "10,3",
    "lineDelta": Object {
      "x": 0,
      "y": -1,
    },
    "solutionOrderNumber": 11,
    "value": 1,
  },
  "11,0": Object {
    "direction": "horizontal",
    "key": "11,0",
    "lineDelta": Object {
      "x": -1,
      "y": 0,
    },
    "solutionOrderNumber": 1,
    "value": 8,
  },
  "11,2": Object {
    "direction": "horizontal",
    "key": "11,2",
    "lineDelta": Object {
      "x": -1,
      "y": 0,
    },
    "solutionOrderNumber": 10,
    "value": 3,
  },
  "4,4": Object {
    "direction": "vertical",
    "key": "4,4",
    "lineDelta": Object {
      "x": 0,
      "y": -1,
    },
    "solutionOrderNumber": 2,
    "value": 3,
  },
  "4,7": Object {
    "direction": "horizontal",
    "key": "4,7",
    "lineDelta": Object {
      "x": 1,
      "y": 0,
    },
    "solutionOrderNumber": 7,
    "value": 1,
  },
  "5,8": Object {
    "direction": "vertical",
    "key": "5,8",
    "lineDelta": Object {
      "x": 0,
      "y": -1,
    },
    "solutionOrderNumber": 4,
    "value": 2,
  },
  "6,0": Object {
    "direction": "vertical",
    "key": "6,0",
    "lineDelta": Object {
      "x": 0,
      "y": 1,
    },
    "solutionOrderNumber": 8,
    "value": 1,
  },
  "6,5": Object {
    "direction": "horizontal",
    "key": "6,5",
    "lineDelta": Object {
      "x": -1,
      "y": 0,
    },
    "solutionOrderNumber": 5,
    "value": 1,
  },
  "6,6": Object {
    "direction": "horizontal",
    "key": "6,6",
    "lineDelta": Object {
      "x": -1,
      "y": 0,
    },
    "solutionOrderNumber": 6,
    "value": 1,
  },
  "7,1": Object {
    "direction": "horizontal",
    "key": "7,1",
    "lineDelta": Object {
      "x": -1,
      "y": 0,
    },
    "solutionOrderNumber": 9,
    "value": 1,
  },
  "7,3": Object {
    "direction": "vertical",
    "key": "7,3",
    "lineDelta": Object {
      "x": 0,
      "y": -1,
    },
    "solutionOrderNumber": 12,
    "value": 2,
  },
  "8,3": Object {
    "direction": "horizontal",
    "key": "8,3",
    "lineDelta": Object {
      "x": -1,
      "y": 0,
    },
    "solutionOrderNumber": 3,
    "value": 1,
  },
}
`;
