// Jest Snapshot v1, https://goo.gl/fbAQLP

exports[`Handles slow solution matches snapshot for anotherBroken 1`] = `undefined`;

exports[`Handles slow solution matches snapshot for anotherBroken 2`] = `
Object {
  "0,8": Object {
    "blocksHandledByLine": Array [
      "0,1",
      "0,2",
      "0,3",
      "0,4",
      "0,5",
      "0,6",
      "0,7",
      "0,0",
    ],
    "blocksHandledByOthers": Array [],
    "direction": "vertical",
    "key": "0,8",
    "lineDelta": Object {
      "x": 0,
      "y": -1,
    },
    "solutionOrderNumber": 0,
    "value": 8,
  },
}
`;
