// Jest Snapshot v1, https://goo.gl/fbAQLP

exports[`Handles slow solution matches snapshot for incompletePartialSolution 1`] = `undefined`;

exports[`Handles slow solution matches snapshot for incompletePartialSolution 2`] = `
Object {
  "0,8": Object {
    "blocksHandledByLine": Array [
      "3,8",
    ],
    "blocksHandledByOthers": Array [
      "2,8",
      "1,8",
    ],
    "direction": "horizontal",
    "key": "0,8",
    "lineDelta": Object {
      "x": 1,
      "y": 0,
    },
    "solutionOrderNumber": 5,
    "value": 1,
  },
  "1,11": Object {
    "blocksHandledByLine": Array [
      "1,8",
    ],
    "blocksHandledByOthers": Array [
      "1,10",
      "1,9",
    ],
    "direction": "vertical",
    "key": "1,11",
    "lineDelta": Object {
      "x": 0,
      "y": -1,
    },
    "solutionOrderNumber": 6,
    "value": 1,
  },
  "1,2": Object {
    "blocksHandledByLine": Array [
      "1,4",
      "1,6",
    ],
    "blocksHandledByOthers": Array [
      "1,5",
      "1,3",
    ],
    "direction": "vertical",
    "key": "1,2",
    "lineDelta": Object {
      "x": 0,
      "y": 1,
    },
    "solutionOrderNumber": 1,
    "value": 2,
  },
  "11,10": Object {
    "blocksHandledByLine": Array [
      "3,10",
      "5,10",
      "10,10",
      "1,10",
    ],
    "blocksHandledByOthers": Array [
      "9,10",
      "8,10",
      "7,10",
      "6,10",
      "4,10",
      "2,10",
    ],
    "direction": "horizontal",
    "key": "11,10",
    "lineDelta": Object {
      "x": -1,
      "y": 0,
    },
    "solutionOrderNumber": 9,
    "value": 4,
  },
  "2,11": Object {
    "blocksHandledByLine": Array [
      "2,10",
    ],
    "blocksHandledByOthers": Array [],
    "direction": "vertical",
    "key": "2,11",
    "lineDelta": Object {
      "x": 0,
      "y": -1,
    },
    "solutionOrderNumber": 10,
    "value": 1,
  },
  "2,3": Object {
    "blocksHandledByLine": Array [
      "1,3",
    ],
    "blocksHandledByOthers": Array [],
    "direction": "horizontal",
    "key": "2,3",
    "lineDelta": Object {
      "x": -1,
      "y": 0,
    },
    "solutionOrderNumber": 2,
    "value": 1,
  },
  "2,8": Object {
    "blocksHandledByLine": Array [
      "2,9",
    ],
    "blocksHandledByOthers": Array [],
    "direction": "vertical",
    "key": "2,8",
    "lineDelta": Object {
      "x": 0,
      "y": 1,
    },
    "solutionOrderNumber": 8,
    "value": 1,
  },
  "3,11": Object {
    "blocksHandledByLine": Array [
      "3,6",
      "3,7",
      "3,5",
    ],
    "blocksHandledByOthers": Array [
      "3,10",
      "3,9",
      "3,8",
    ],
    "direction": "vertical",
    "key": "3,11",
    "lineDelta": Object {
      "x": 0,
      "y": -1,
    },
    "solutionOrderNumber": 4,
    "value": 3,
  },
  "3,9": Object {
    "blocksHandledByLine": Array [
      "1,9",
    ],
    "blocksHandledByOthers": Array [
      "2,9",
    ],
    "direction": "horizontal",
    "key": "3,9",
    "lineDelta": Object {
      "x": -1,
      "y": 0,
    },
    "solutionOrderNumber": 7,
    "value": 1,
  },
  "4,11": Object {
    "blocksHandledByLine": Array [
      "4,10",
    ],
    "blocksHandledByOthers": Array [],
    "direction": "vertical",
    "key": "4,11",
    "lineDelta": Object {
      "x": 0,
      "y": -1,
    },
    "solutionOrderNumber": 11,
    "value": 1,
  },
  "5,6": Object {
    "blocksHandledByLine": Array [
      "5,5",
    ],
    "blocksHandledByOthers": Array [],
    "direction": "vertical",
    "key": "5,6",
    "lineDelta": Object {
      "x": 0,
      "y": -1,
    },
    "solutionOrderNumber": 16,
    "value": 1,
  },
  "6,11": Object {
    "blocksHandledByLine": Array [
      "6,10",
    ],
    "blocksHandledByOthers": Array [],
    "direction": "vertical",
    "key": "6,11",
    "lineDelta": Object {
      "x": 0,
      "y": -1,
    },
    "solutionOrderNumber": 12,
    "value": 1,
  },
  "6,3": Object {
    "blocksHandledByLine": Array [
      "6,5",
    ],
    "blocksHandledByOthers": Array [
      "6,4",
    ],
    "direction": "vertical",
    "key": "6,3",
    "lineDelta": Object {
      "x": 0,
      "y": 1,
    },
    "solutionOrderNumber": 17,
    "value": 1,
  },
  "7,11": Object {
    "blocksHandledByLine": Array [
      "7,10",
    ],
    "blocksHandledByOthers": Array [],
    "direction": "vertical",
    "key": "7,11",
    "lineDelta": Object {
      "x": 0,
      "y": -1,
    },
    "solutionOrderNumber": 13,
    "value": 1,
  },
  "7,4": Object {
    "blocksHandledByLine": Array [
      "6,4",
    ],
    "blocksHandledByOthers": Array [],
    "direction": "horizontal",
    "key": "7,4",
    "lineDelta": Object {
      "x": -1,
      "y": 0,
    },
    "solutionOrderNumber": 18,
    "value": 1,
  },
  "7,5": Object {
    "blocksHandledByLine": Array [
      "2,5",
      "4,5",
      "1,5",
    ],
    "blocksHandledByOthers": Array [
      "6,5",
      "5,5",
      "3,5",
    ],
    "direction": "horizontal",
    "key": "7,5",
    "lineDelta": Object {
      "x": -1,
      "y": 0,
    },
    "solutionOrderNumber": 3,
    "value": 3,
  },
  "8,11": Object {
    "blocksHandledByLine": Array [
      "8,10",
    ],
    "blocksHandledByOthers": Array [],
    "direction": "vertical",
    "key": "8,11",
    "lineDelta": Object {
      "x": 0,
      "y": -1,
    },
    "solutionOrderNumber": 14,
    "value": 1,
  },
  "9,11": Object {
    "blocksHandledByLine": Array [
      "9,10",
    ],
    "blocksHandledByOthers": Array [],
    "direction": "vertical",
    "key": "9,11",
    "lineDelta": Object {
      "x": 0,
      "y": -1,
    },
    "solutionOrderNumber": 15,
    "value": 1,
  },
}
`;
